
Allocating common symbols
Common symbol       size              file

mbox                0x90              obj/mbox.o

Discarded input sections

 .comment       0x0000000000000000       0x31 obj/mbox.o
 .note.GNU-stack
                0x0000000000000000        0x0 obj/mbox.o
 .comment       0x0000000000000000       0x31 obj/uart.o
 .note.GNU-stack
                0x0000000000000000        0x0 obj/uart.o
 .comment       0x0000000000000000       0x31 obj/irq.o
 .note.GNU-stack
                0x0000000000000000        0x0 obj/irq.o
 .comment       0x0000000000000000       0x31 obj/tool.o
 .note.GNU-stack
                0x0000000000000000        0x0 obj/tool.o
 .comment       0x0000000000000000       0x31 obj/main.o
 .note.GNU-stack
                0x0000000000000000        0x0 obj/main.o
 .comment       0x0000000000000000       0x31 obj/util.o
 .note.GNU-stack
                0x0000000000000000        0x0 obj/util.o
 .comment       0x0000000000000000       0x31 obj/reboot.o
 .note.GNU-stack
                0x0000000000000000        0x0 obj/reboot.o
 .comment       0x0000000000000000       0x31 obj/timer.o
 .note.GNU-stack
                0x0000000000000000        0x0 obj/timer.o
 .comment       0x0000000000000000       0x31 obj/get_HW_info.o
 .note.GNU-stack
                0x0000000000000000        0x0 obj/get_HW_info.o

Memory Configuration

Name             Origin             Length             Attributes
*default*        0x0000000000000000 0xffffffffffffffff

Linker script and memory map

                0x0000000000080000                . = 0x80000
                0x0000000000080000                __code_start = .

.text           0x0000000000080000     0x283c
 *(.text.boot)
 .text.boot     0x0000000000080000       0x98 obj/start_S.o
                0x0000000000080000                _start
 *(.text .text.* .gnu.linkonce.t*)
 .text          0x0000000000080098        0x0 obj/start_S.o
 *fill*         0x0000000000080098      0x768 
 .text          0x0000000000080800      0xdb8 obj/ENTRY_S.o
                0x0000000000080800                vectors
                0x00000000000815b4                err_hang
 .text          0x00000000000815b8       0x1c obj/IRQ_S.o
                0x00000000000815b8                irq_vector_init
                0x00000000000815c4                enable_irq
                0x00000000000815cc                disable_irq
 *fill*         0x00000000000815d4        0x4 
 .text          0x00000000000815d8       0x38 obj/TIMERS_S.o
                0x00000000000815d8                core_timer_enable
                0x00000000000815fc                core_timer_handler
 .text          0x0000000000081610       0x14 obj/SYS_S.o
                0x0000000000081610                sync_vector_init
                0x000000000008161c                sync_call
 .text          0x0000000000081624       0xa4 obj/mbox.o
                0x0000000000081624                mbox_call
 .text          0x00000000000816c8      0x378 obj/uart.o
                0x00000000000816c8                uart_init
                0x000000000008185c                uart_send
                0x000000000008189c                ReadLine
                0x000000000008191c                uart_getc
                0x000000000008196c                uart_puts
                0x00000000000819c4                uart_hex
 .text          0x0000000000081a40      0x4b4 obj/irq.o
                0x0000000000081a40                irq_cmd
                0x0000000000081a70                irq_el0_64_handler
                0x0000000000081b68                print_system_registers
                0x0000000000081cd8                system_call
                0x0000000000081d40                sync_el0_64_handler
                0x0000000000081dc4                show_invalid_entry_message
                0x0000000000081ed4                handle_irq
 .text          0x0000000000081ef4      0x24c obj/tool.o
                0x0000000000081ef4                reverse
                0x0000000000081f90                itoa
                0x00000000000820c4                atoulli
 .text          0x0000000000082140      0x1bc obj/main.o
                0x0000000000082140                main
 .text          0x00000000000822fc      0x1dc obj/util.o
                0x00000000000822fc                Print_Int
                0x0000000000082448                StrCmp
 .text          0x00000000000824d8       0x68 obj/reboot.o
                0x00000000000824d8                reset
                0x0000000000082518                cancel_reset
 .text          0x0000000000082540       0x54 obj/timer.o
                0x0000000000082540                local_timer_init
                0x000000000008257c                local_timer_handler
 .text          0x0000000000082594      0x2a8 obj/get_HW_info.o
                0x0000000000082594                Get_Serial_number
                0x0000000000082678                Get_Board_revision
                0x0000000000082740                Get_VC_mem

.iplt           0x000000000008283c        0x0
 .iplt          0x000000000008283c        0x0 obj/start_S.o

.rodata         0x0000000000082840      0x2a7
 *(.rodata .rodata.* .gnu.linkonce.r*)
 .rodata        0x0000000000082840      0x158 obj/irq.o
 .rodata        0x0000000000082998       0x94 obj/main.o
 *fill*         0x0000000000082a2c        0x4 
 .rodata        0x0000000000082a30       0xb7 obj/get_HW_info.o
                [!provide]                        PROVIDE (_data = .)

.rela.dyn       0x0000000000082ae8        0x0
 .rela.iplt     0x0000000000082ae8        0x0 obj/start_S.o
 .rela.text.boot
                0x0000000000082ae8        0x0 obj/start_S.o
 .rela.got      0x0000000000082ae8        0x0 obj/start_S.o

.data           0x0000000000082ae8       0x10
 *(.data .data.* .gnu.linkonce.d*)
 .data          0x0000000000082ae8        0x0 obj/start_S.o
 .data          0x0000000000082ae8        0x0 obj/ENTRY_S.o
 .data          0x0000000000082ae8        0x0 obj/IRQ_S.o
 .data          0x0000000000082ae8        0x0 obj/TIMERS_S.o
 .data          0x0000000000082ae8        0x0 obj/SYS_S.o
 .data          0x0000000000082ae8        0x0 obj/mbox.o
 .data          0x0000000000082ae8        0x0 obj/uart.o
 .data          0x0000000000082ae8       0x10 obj/irq.o
 .data          0x0000000000082af8        0x0 obj/tool.o
 .data          0x0000000000082af8        0x0 obj/main.o
 .data          0x0000000000082af8        0x0 obj/util.o
 .data          0x0000000000082af8        0x0 obj/reboot.o
 .data          0x0000000000082af8        0x0 obj/timer.o
 .data          0x0000000000082af8        0x0 obj/get_HW_info.o

.igot.plt       0x0000000000082af8        0x0
 .igot.plt      0x0000000000082af8        0x0 obj/start_S.o

.got            0x0000000000082af8       0x10
 .got           0x0000000000082af8       0x10 obj/start_S.o
                0x0000000000082af8                _GLOBAL_OFFSET_TABLE_

.got.plt        0x0000000000082b08       0x18
 .got.plt       0x0000000000082b08       0x18 obj/start_S.o

.bss            0x0000000000082b20       0x90
                0x0000000000082b20                . = ALIGN (0x10)
                0x0000000000082b20                __bss_start = .
 *(.bss .bss.*)
 .bss           0x0000000000082b20        0x0 obj/start_S.o
 .bss           0x0000000000082b20        0x0 obj/ENTRY_S.o
 .bss           0x0000000000082b20        0x0 obj/IRQ_S.o
 .bss           0x0000000000082b20        0x0 obj/TIMERS_S.o
 .bss           0x0000000000082b20        0x0 obj/SYS_S.o
 .bss           0x0000000000082b20        0x0 obj/mbox.o
 .bss           0x0000000000082b20        0x0 obj/uart.o
 .bss           0x0000000000082b20        0x0 obj/irq.o
 .bss           0x0000000000082b20        0x0 obj/tool.o
 .bss           0x0000000000082b20        0x0 obj/main.o
 .bss           0x0000000000082b20        0x0 obj/util.o
 .bss           0x0000000000082b20        0x0 obj/reboot.o
 .bss           0x0000000000082b20        0x0 obj/timer.o
 .bss           0x0000000000082b20        0x0 obj/get_HW_info.o
 *(COMMON)
 COMMON         0x0000000000082b20       0x90 obj/mbox.o
                0x0000000000082b20                mbox
                0x0000000000082bb0                __bss_end = .
                0x0000000000082bb0                _end = .

/DISCARD/
 *(.comment)
 *(.gnu*)
 *(.note*)
 *(.eh_frame*)
                0x0000000000000012                __bss_size = ((__bss_end - __bss_start) >> 0x3)
LOAD obj/start_S.o
LOAD obj/ENTRY_S.o
LOAD obj/IRQ_S.o
LOAD obj/TIMERS_S.o
LOAD obj/SYS_S.o
LOAD obj/mbox.o
LOAD obj/uart.o
LOAD obj/irq.o
LOAD obj/tool.o
LOAD obj/main.o
LOAD obj/util.o
LOAD obj/reboot.o
LOAD obj/timer.o
LOAD obj/get_HW_info.o
OUTPUT(obj/kernel8.elf elf64-littleaarch64)

.debug_line     0x0000000000000000      0x694
 .debug_line    0x0000000000000000       0x5a obj/start_S.o
 .debug_line    0x000000000000005a       0x8a obj/ENTRY_S.o
 .debug_line    0x00000000000000e4       0x41 obj/IRQ_S.o
 .debug_line    0x0000000000000125       0x49 obj/TIMERS_S.o
 .debug_line    0x000000000000016e       0x3f obj/SYS_S.o
 .debug_line    0x00000000000001ad       0x66 obj/mbox.o
 .debug_line    0x0000000000000213       0xfe obj/uart.o
 .debug_line    0x0000000000000311       0xaf obj/irq.o
 .debug_line    0x00000000000003c0       0x87 obj/tool.o
 .debug_line    0x0000000000000447       0xa1 obj/main.o
 .debug_line    0x00000000000004e8       0x90 obj/util.o
 .debug_line    0x0000000000000578       0x45 obj/reboot.o
 .debug_line    0x00000000000005bd       0x46 obj/timer.o
 .debug_line    0x0000000000000603       0x91 obj/get_HW_info.o

.debug_info     0x0000000000000000      0xbbd
 .debug_info    0x0000000000000000       0x2e obj/start_S.o
 .debug_info    0x000000000000002e       0x2e obj/ENTRY_S.o
 .debug_info    0x000000000000005c       0x2e obj/IRQ_S.o
 .debug_info    0x000000000000008a       0x2e obj/TIMERS_S.o
 .debug_info    0x00000000000000b8       0x2e obj/SYS_S.o
 .debug_info    0x00000000000000e6       0xbb obj/mbox.o
 .debug_info    0x00000000000001a1      0x1ba obj/uart.o
 .debug_info    0x000000000000035b      0x2e9 obj/irq.o
 .debug_info    0x0000000000000644      0x1a4 obj/tool.o
 .debug_info    0x00000000000007e8       0xf0 obj/main.o
 .debug_info    0x00000000000008d8      0x137 obj/util.o
 .debug_info    0x0000000000000a0f       0x7a obj/reboot.o
 .debug_info    0x0000000000000a89       0x88 obj/timer.o
 .debug_info    0x0000000000000b11       0xac obj/get_HW_info.o

.debug_abbrev   0x0000000000000000      0x5e5
 .debug_abbrev  0x0000000000000000       0x14 obj/start_S.o
 .debug_abbrev  0x0000000000000014       0x14 obj/ENTRY_S.o
 .debug_abbrev  0x0000000000000028       0x14 obj/IRQ_S.o
 .debug_abbrev  0x000000000000003c       0x14 obj/TIMERS_S.o
 .debug_abbrev  0x0000000000000050       0x14 obj/SYS_S.o
 .debug_abbrev  0x0000000000000064       0x9b obj/mbox.o
 .debug_abbrev  0x00000000000000ff      0x104 obj/uart.o
 .debug_abbrev  0x0000000000000203       0xcb obj/irq.o
 .debug_abbrev  0x00000000000002ce       0xc8 obj/tool.o
 .debug_abbrev  0x0000000000000396       0x8a obj/main.o
 .debug_abbrev  0x0000000000000420       0xa8 obj/util.o
 .debug_abbrev  0x00000000000004c8       0x5e obj/reboot.o
 .debug_abbrev  0x0000000000000526       0x60 obj/timer.o
 .debug_abbrev  0x0000000000000586       0x5f obj/get_HW_info.o

.debug_aranges  0x0000000000000000      0x2a0
 .debug_aranges
                0x0000000000000000       0x30 obj/start_S.o
 .debug_aranges
                0x0000000000000030       0x30 obj/ENTRY_S.o
 .debug_aranges
                0x0000000000000060       0x30 obj/IRQ_S.o
 .debug_aranges
                0x0000000000000090       0x30 obj/TIMERS_S.o
 .debug_aranges
                0x00000000000000c0       0x30 obj/SYS_S.o
 .debug_aranges
                0x00000000000000f0       0x30 obj/mbox.o
 .debug_aranges
                0x0000000000000120       0x30 obj/uart.o
 .debug_aranges
                0x0000000000000150       0x30 obj/irq.o
 .debug_aranges
                0x0000000000000180       0x30 obj/tool.o
 .debug_aranges
                0x00000000000001b0       0x30 obj/main.o
 .debug_aranges
                0x00000000000001e0       0x30 obj/util.o
 .debug_aranges
                0x0000000000000210       0x30 obj/reboot.o
 .debug_aranges
                0x0000000000000240       0x30 obj/timer.o
 .debug_aranges
                0x0000000000000270       0x30 obj/get_HW_info.o

.debug_str      0x0000000000000000      0x3a1
 .debug_str     0x0000000000000000       0x52 obj/start_S.o
 .debug_str     0x0000000000000052        0xc obj/ENTRY_S.o
                                         0x52 (size before relaxing)
 .debug_str     0x000000000000005e        0xa obj/IRQ_S.o
                                         0x50 (size before relaxing)
 .debug_str     0x0000000000000068        0xd obj/TIMERS_S.o
                                         0x53 (size before relaxing)
 .debug_str     0x0000000000000075        0xa obj/SYS_S.o
                                         0x50 (size before relaxing)
 .debug_str     0x000000000000007f       0x6c obj/mbox.o
                                         0xc5 (size before relaxing)
 .debug_str     0x00000000000000eb       0x45 obj/uart.o
                                         0xec (size before relaxing)
 .debug_str     0x0000000000000130      0x113 obj/irq.o
                                        0x1e2 (size before relaxing)
 .debug_str     0x0000000000000243       0x53 obj/tool.o
                                         0xdd (size before relaxing)
 .debug_str     0x0000000000000296       0x1c obj/main.o
                                         0xca (size before relaxing)
 .debug_str     0x00000000000002b2       0x51 obj/util.o
                                        0x103 (size before relaxing)
 .debug_str     0x0000000000000303       0x1f obj/reboot.o
                                         0xa3 (size before relaxing)
 .debug_str     0x0000000000000322       0x3d obj/timer.o
                                         0xc8 (size before relaxing)
 .debug_str     0x000000000000035f       0x42 obj/get_HW_info.o
                                         0xe4 (size before relaxing)

.debug_frame    0x0000000000000000      0x498
 .debug_frame   0x0000000000000000       0x30 obj/mbox.o
 .debug_frame   0x0000000000000030       0xf8 obj/uart.o
 .debug_frame   0x0000000000000128      0x140 obj/irq.o
 .debug_frame   0x0000000000000268       0x80 obj/tool.o
 .debug_frame   0x00000000000002e8       0x38 obj/main.o
 .debug_frame   0x0000000000000320       0x60 obj/util.o
 .debug_frame   0x0000000000000380       0x48 obj/reboot.o
 .debug_frame   0x00000000000003c8       0x48 obj/timer.o
 .debug_frame   0x0000000000000410       0x88 obj/get_HW_info.o
