
Allocating common symbols
Common symbol       size              file

mbox                0x90              obj/mbox.o

Discarded input sections

 .comment       0x0000000000000000       0x31 obj/mbox.o
 .note.GNU-stack
                0x0000000000000000        0x0 obj/mbox.o
 .comment       0x0000000000000000       0x31 obj/uart.o
 .note.GNU-stack
                0x0000000000000000        0x0 obj/uart.o
 .comment       0x0000000000000000       0x31 obj/irq.o
 .note.GNU-stack
                0x0000000000000000        0x0 obj/irq.o
 .comment       0x0000000000000000       0x31 obj/main.o
 .note.GNU-stack
                0x0000000000000000        0x0 obj/main.o
 .comment       0x0000000000000000       0x31 obj/util.o
 .note.GNU-stack
                0x0000000000000000        0x0 obj/util.o
 .comment       0x0000000000000000       0x31 obj/timer.o
 .note.GNU-stack
                0x0000000000000000        0x0 obj/timer.o
 .comment       0x0000000000000000       0x31 obj/get_HW_info.o
 .note.GNU-stack
                0x0000000000000000        0x0 obj/get_HW_info.o

Memory Configuration

Name             Origin             Length             Attributes
*default*        0x0000000000000000 0xffffffffffffffff

Linker script and memory map

                0x0000000000080000                . = 0x80000
                0x0000000000080000                __code_start = .

.text           0x0000000000080000     0x27d4
 *(.text.boot)
 .text.boot     0x0000000000080000       0x98 obj/start_S.o
                0x0000000000080000                _start
 *(.text .text.* .gnu.linkonce.t*)
 .text          0x0000000000080098        0x0 obj/start_S.o
 *fill*         0x0000000000080098      0x768 
 .text          0x0000000000080800      0xdb8 obj/ENTRY_S.o
                0x0000000000080800                vectors
                0x00000000000815b4                err_hang
 .text          0x00000000000815b8       0x1c obj/IRQ_S.o
                0x00000000000815b8                irq_vector_init
                0x00000000000815c4                enable_irq
                0x00000000000815cc                disable_irq
 *fill*         0x00000000000815d4        0x4 
 .text          0x00000000000815d8       0x38 obj/TIMERS_S.o
                0x00000000000815d8                core_timer_enable
                0x00000000000815fc                core_timer_handler
 .text          0x0000000000081610       0x14 obj/SYS_S.o
                0x0000000000081610                sync_vector_init
                0x000000000008161c                sync_call
 .text          0x0000000000081624       0xa4 obj/mbox.o
                0x0000000000081624                mbox_call
 .text          0x00000000000816c8      0x378 obj/uart.o
                0x00000000000816c8                uart_init
                0x000000000008185c                uart_send
                0x000000000008189c                ReadLine
                0x000000000008191c                uart_getc
                0x000000000008196c                uart_puts
                0x00000000000819c4                uart_hex
 .text          0x0000000000081a40      0x4b4 obj/irq.o
                0x0000000000081a40                irq_cmd
                0x0000000000081a70                irq_el0_64_handler
                0x0000000000081b68                print_system_registers
                0x0000000000081cd8                system_call
                0x0000000000081d40                sync_el0_64_handler
                0x0000000000081dc4                show_invalid_entry_message
                0x0000000000081ed4                handle_irq
 .text          0x0000000000081ef4      0x1bc obj/main.o
                0x0000000000081ef4                main
 .text          0x00000000000820b0      0x428 obj/util.o
                0x00000000000820b0                Print_Int
                0x00000000000821fc                StrCmp
                0x000000000008228c                reverse
                0x0000000000082328                itoa
                0x000000000008245c                atoulli
 .text          0x00000000000824d8       0x54 obj/timer.o
                0x00000000000824d8                local_timer_init
                0x0000000000082514                local_timer_handler
 .text          0x000000000008252c      0x2a8 obj/get_HW_info.o
                0x000000000008252c                Get_Serial_number
                0x0000000000082610                Get_Board_revision
                0x00000000000826d8                Get_VC_mem

.iplt           0x00000000000827d4        0x0
 .iplt          0x00000000000827d4        0x0 obj/start_S.o

.rodata         0x00000000000827d8      0x2a7
 *(.rodata .rodata.* .gnu.linkonce.r*)
 .rodata        0x00000000000827d8      0x158 obj/irq.o
 .rodata        0x0000000000082930       0x94 obj/main.o
 *fill*         0x00000000000829c4        0x4 
 .rodata        0x00000000000829c8       0xb7 obj/get_HW_info.o
                [!provide]                        PROVIDE (_data = .)

.rela.dyn       0x0000000000082a80        0x0
 .rela.iplt     0x0000000000082a80        0x0 obj/start_S.o
 .rela.text.boot
                0x0000000000082a80        0x0 obj/start_S.o
 .rela.got      0x0000000000082a80        0x0 obj/start_S.o

.data           0x0000000000082a80       0x10
 *(.data .data.* .gnu.linkonce.d*)
 .data          0x0000000000082a80        0x0 obj/start_S.o
 .data          0x0000000000082a80        0x0 obj/ENTRY_S.o
 .data          0x0000000000082a80        0x0 obj/IRQ_S.o
 .data          0x0000000000082a80        0x0 obj/TIMERS_S.o
 .data          0x0000000000082a80        0x0 obj/SYS_S.o
 .data          0x0000000000082a80        0x0 obj/mbox.o
 .data          0x0000000000082a80        0x0 obj/uart.o
 .data          0x0000000000082a80       0x10 obj/irq.o
 .data          0x0000000000082a90        0x0 obj/main.o
 .data          0x0000000000082a90        0x0 obj/util.o
 .data          0x0000000000082a90        0x0 obj/timer.o
 .data          0x0000000000082a90        0x0 obj/get_HW_info.o

.igot.plt       0x0000000000082a90        0x0
 .igot.plt      0x0000000000082a90        0x0 obj/start_S.o

.got            0x0000000000082a90       0x10
 .got           0x0000000000082a90       0x10 obj/start_S.o
                0x0000000000082a90                _GLOBAL_OFFSET_TABLE_

.got.plt        0x0000000000082aa0       0x18
 .got.plt       0x0000000000082aa0       0x18 obj/start_S.o

.bss            0x0000000000082ac0       0x90
                0x0000000000082ac0                . = ALIGN (0x10)
                0x0000000000082ac0                __bss_start = .
 *(.bss .bss.*)
 .bss           0x0000000000082ac0        0x0 obj/start_S.o
 .bss           0x0000000000082ac0        0x0 obj/ENTRY_S.o
 .bss           0x0000000000082ac0        0x0 obj/IRQ_S.o
 .bss           0x0000000000082ac0        0x0 obj/TIMERS_S.o
 .bss           0x0000000000082ac0        0x0 obj/SYS_S.o
 .bss           0x0000000000082ac0        0x0 obj/mbox.o
 .bss           0x0000000000082ac0        0x0 obj/uart.o
 .bss           0x0000000000082ac0        0x0 obj/irq.o
 .bss           0x0000000000082ac0        0x0 obj/main.o
 .bss           0x0000000000082ac0        0x0 obj/util.o
 .bss           0x0000000000082ac0        0x0 obj/timer.o
 .bss           0x0000000000082ac0        0x0 obj/get_HW_info.o
 *(COMMON)
 COMMON         0x0000000000082ac0       0x90 obj/mbox.o
                0x0000000000082ac0                mbox
                0x0000000000082b50                __bss_end = .
                0x0000000000082b50                _end = .

/DISCARD/
 *(.comment)
 *(.gnu*)
 *(.note*)
 *(.eh_frame*)
                0x0000000000000012                __bss_size = ((__bss_end - __bss_start) >> 0x3)
LOAD obj/start_S.o
LOAD obj/ENTRY_S.o
LOAD obj/IRQ_S.o
LOAD obj/TIMERS_S.o
LOAD obj/SYS_S.o
LOAD obj/mbox.o
LOAD obj/uart.o
LOAD obj/irq.o
LOAD obj/main.o
LOAD obj/util.o
LOAD obj/timer.o
LOAD obj/get_HW_info.o
OUTPUT(obj/kernel8.elf elf64-littleaarch64)

.debug_line     0x0000000000000000      0x612
 .debug_line    0x0000000000000000       0x5a obj/start_S.o
 .debug_line    0x000000000000005a       0x8a obj/ENTRY_S.o
 .debug_line    0x00000000000000e4       0x41 obj/IRQ_S.o
 .debug_line    0x0000000000000125       0x49 obj/TIMERS_S.o
 .debug_line    0x000000000000016e       0x3f obj/SYS_S.o
 .debug_line    0x00000000000001ad       0x66 obj/mbox.o
 .debug_line    0x0000000000000213       0xfe obj/uart.o
 .debug_line    0x0000000000000311       0xaf obj/irq.o
 .debug_line    0x00000000000003c0       0xa1 obj/main.o
 .debug_line    0x0000000000000461       0xdc obj/util.o
 .debug_line    0x000000000000053d       0x44 obj/timer.o
 .debug_line    0x0000000000000581       0x91 obj/get_HW_info.o

.debug_info     0x0000000000000000      0xafe
 .debug_info    0x0000000000000000       0x2e obj/start_S.o
 .debug_info    0x000000000000002e       0x2e obj/ENTRY_S.o
 .debug_info    0x000000000000005c       0x2e obj/IRQ_S.o
 .debug_info    0x000000000000008a       0x2e obj/TIMERS_S.o
 .debug_info    0x00000000000000b8       0x2e obj/SYS_S.o
 .debug_info    0x00000000000000e6       0xbb obj/mbox.o
 .debug_info    0x00000000000001a1      0x1ba obj/uart.o
 .debug_info    0x000000000000035b      0x2e9 obj/irq.o
 .debug_info    0x0000000000000644       0xf0 obj/main.o
 .debug_info    0x0000000000000734      0x296 obj/util.o
 .debug_info    0x00000000000009ca       0x88 obj/timer.o
 .debug_info    0x0000000000000a52       0xac obj/get_HW_info.o

.debug_abbrev   0x0000000000000000      0x50d
 .debug_abbrev  0x0000000000000000       0x14 obj/start_S.o
 .debug_abbrev  0x0000000000000014       0x14 obj/ENTRY_S.o
 .debug_abbrev  0x0000000000000028       0x14 obj/IRQ_S.o
 .debug_abbrev  0x000000000000003c       0x14 obj/TIMERS_S.o
 .debug_abbrev  0x0000000000000050       0x14 obj/SYS_S.o
 .debug_abbrev  0x0000000000000064       0x9b obj/mbox.o
 .debug_abbrev  0x00000000000000ff      0x104 obj/uart.o
 .debug_abbrev  0x0000000000000203       0xcb obj/irq.o
 .debug_abbrev  0x00000000000002ce       0x8a obj/main.o
 .debug_abbrev  0x0000000000000358       0xf6 obj/util.o
 .debug_abbrev  0x000000000000044e       0x60 obj/timer.o
 .debug_abbrev  0x00000000000004ae       0x5f obj/get_HW_info.o

.debug_aranges  0x0000000000000000      0x240
 .debug_aranges
                0x0000000000000000       0x30 obj/start_S.o
 .debug_aranges
                0x0000000000000030       0x30 obj/ENTRY_S.o
 .debug_aranges
                0x0000000000000060       0x30 obj/IRQ_S.o
 .debug_aranges
                0x0000000000000090       0x30 obj/TIMERS_S.o
 .debug_aranges
                0x00000000000000c0       0x30 obj/SYS_S.o
 .debug_aranges
                0x00000000000000f0       0x30 obj/mbox.o
 .debug_aranges
                0x0000000000000120       0x30 obj/uart.o
 .debug_aranges
                0x0000000000000150       0x30 obj/irq.o
 .debug_aranges
                0x0000000000000180       0x30 obj/main.o
 .debug_aranges
                0x00000000000001b0       0x30 obj/util.o
 .debug_aranges
                0x00000000000001e0       0x30 obj/timer.o
 .debug_aranges
                0x0000000000000210       0x30 obj/get_HW_info.o

.debug_str      0x0000000000000000      0x371
 .debug_str     0x0000000000000000       0x4c obj/start_S.o
 .debug_str     0x000000000000004c        0xc obj/ENTRY_S.o
                                         0x4c (size before relaxing)
 .debug_str     0x0000000000000058        0xa obj/IRQ_S.o
                                         0x4a (size before relaxing)
 .debug_str     0x0000000000000062        0xd obj/TIMERS_S.o
                                         0x4d (size before relaxing)
 .debug_str     0x000000000000006f        0xa obj/SYS_S.o
                                         0x4a (size before relaxing)
 .debug_str     0x0000000000000079       0x6c obj/mbox.o
                                         0xbf (size before relaxing)
 .debug_str     0x00000000000000e5       0x45 obj/uart.o
                                         0xe6 (size before relaxing)
 .debug_str     0x000000000000012a      0x113 obj/irq.o
                                        0x1dc (size before relaxing)
 .debug_str     0x000000000000023d       0x1c obj/main.o
                                         0xc4 (size before relaxing)
 .debug_str     0x0000000000000259       0x99 obj/util.o
                                        0x135 (size before relaxing)
 .debug_str     0x00000000000002f2       0x3d obj/timer.o
                                         0xc2 (size before relaxing)
 .debug_str     0x000000000000032f       0x42 obj/get_HW_info.o
                                         0xde (size before relaxing)

.debug_frame    0x0000000000000000      0x440
 .debug_frame   0x0000000000000000       0x30 obj/mbox.o
 .debug_frame   0x0000000000000030       0xf8 obj/uart.o
 .debug_frame   0x0000000000000128      0x140 obj/irq.o
 .debug_frame   0x0000000000000268       0x38 obj/main.o
 .debug_frame   0x00000000000002a0       0xd0 obj/util.o
 .debug_frame   0x0000000000000370       0x48 obj/timer.o
 .debug_frame   0x00000000000003b8       0x88 obj/get_HW_info.o
